// Jest Snapshot v1, https://goo.gl/fbAQLP

exports[`<Loader /> should only render when page is loading 1`] = `
<Provider
  store={
    Object {
      "clearActions": [Function],
      "dispatch": [MockFunction],
      "getActions": [Function],
      "getState": [Function],
      "replaceReducer": [Function],
      "subscribe": [Function],
    }
  }
>
  <Connect(Loader)>
    <Loader
      dispatch={[MockFunction]}
      showLoadLoader={true}
    >
      <div
        className={
          Object {
            "data-css-wkmi9o": "",
          }
        }
      />
    </Loader>
  </Connect(Loader)>
</Provider>
`;
